../Core/Src/main.c:115:5:main	168	static
../Core/Src/main.c:204:6:SystemClock_Config	96	static
../Core/Src/main.c:253:13:MX_DSIHOST_DSI_Init	192	static
../Core/Src/main.c:355:13:MX_I2C1_Init	8	static
../Core/Src/main.c:403:13:MX_I2C2_Init	8	static
../Core/Src/main.c:451:13:MX_LTDC_Init	64	static
../Core/Src/main.c:513:13:MX_OCTOSPI2_Init	32	static
../Core/Src/main.c:561:13:MX_SPI1_Init	8	static
../Core/Src/main.c:601:13:MX_SPI2_Init	8	static
../Core/Src/main.c:640:13:MX_SPI3_Init	8	static
../Core/Src/main.c:680:13:MX_UART4_Init	8	static
../Core/Src/main.c:728:13:MX_GPIO_Init	64	static
../Core/Src/main.c:860:6:mipi_config	200	static
../Core/Src/main.c:930:6:delay_us	24	static
../Core/Src/main.c:942:6:HAL_GPIO_EXTI_Callback	24	static
../Core/Src/main.c:983:6:HAL_SPI_RxCpltCallback	16	static
../Core/Src/main.c:1110:6:QSPI_WriteByte	24	static
../Core/Src/main.c:1121:9:QSPI_ReadByte	16	static
../Core/Src/main.c:1139:6:WriteBLE	32	static
../Core/Src/main.c:1159:6:ReadBLE	24	static
../Core/Src/main.c:1199:6:Wrap	32	static
../Core/Src/main.c:1239:6:Error_Handler	4	static,ignoring_inline_asm
